     VMA      LMA     Size Align Out     In      Symbol
       0        0        0     1 _Min_Stack_Size = 0x400
 8000000  8000000      1cc     4 .isr_vector
 8000000  8000000        0     1         . = ALIGN ( 4 )
 8000000  8000000      1cc     4         build/startup_stm32g431xx.o:(.isr_vector)
 8000000  8000000      1cc     1                 g_pfnVectors
 80001cc  80001cc        0     1         . = ALIGN ( 4 )
 80001cc  80001cc      a40     4 .text
 80001cc  80001cc        0     1         . = ALIGN ( 4 )
 80001cc  80001cc       14     4         /home/xun/llvm_for_arm/bin/../lib/clang-runtimes/arm-none-eabi/armv7m_hard_fpv4_sp_d16_exn_rtti/lib/libclang_rt.builtins.a(aeabi_ldivmod.S.obj):(.text)
 80001cc  80001cc        0     1                 $t
 80001cd  80001cd       14     1                 __aeabi_ldivmod
 80001e0  80001e0       74     4         build/main.o:(.text.led_blink_task)
 80001e0  80001e0        0     1                 $t
 80001e1  80001e1       74     1                 led_blink_task
 8000250  8000250        0     1                 $d
 8000254  8000254       38     4         build/main.o:(.text.main)
 8000254  8000254        0     1                 $t
 8000255  8000255       38     1                 main
 8000284  8000284        0     1                 $d
 800028c  800028c       10     2         build/main.o:(.text.SysTick_Handler)
 800028c  800028c        0     1                 $t
 800028d  800028d       10     1                 SysTick_Handler
 800029c  800029c        2     2         build/main.o:(.text.StorageWrite)
 800029c  800029c        0     1                 $t
 800029d  800029d        2     1                 StorageWrite
 800029e  800029e        2     2         build/main.o:(.text.StorageRead)
 800029e  800029e        0     1                 $t
 800029f  800029f        2     1                 StorageRead
 80002a0  80002a0        4     2         build/startup_stm32g431xx.o:(.text.Default_Handler)
 80002a0  80002a0        0     1                 $t
 80002a1  80002a1        4     1                 Default_Handler
 80002a1  80002a1        4     1                 NMI_Handler
 80002a1  80002a1        4     1                 HardFault_Handler
 80002a1  80002a1        4     1                 MemManage_Handler
 80002a1  80002a1        4     1                 BusFault_Handler
 80002a1  80002a1        4     1                 UsageFault_Handler
 80002a1  80002a1        4     1                 SVC_Handler
 80002a1  80002a1        4     1                 DebugMon_Handler
 80002a1  80002a1        4     1                 PendSV_Handler
 80002a1  80002a1        4     1                 WWDG_IRQHandler
 80002a1  80002a1        4     1                 PVD_PVM_IRQHandler
 80002a1  80002a1        4     1                 RTC_TAMP_LSECSS_IRQHandler
 80002a1  80002a1        4     1                 RTC_WKUP_IRQHandler
 80002a1  80002a1        4     1                 FLASH_IRQHandler
 80002a1  80002a1        4     1                 RCC_IRQHandler
 80002a1  80002a1        4     1                 EXTI0_IRQHandler
 80002a1  80002a1        4     1                 EXTI1_IRQHandler
 80002a1  80002a1        4     1                 EXTI2_IRQHandler
 80002a1  80002a1        4     1                 EXTI3_IRQHandler
 80002a1  80002a1        4     1                 EXTI4_IRQHandler
 80002a1  80002a1        4     1                 DMA1_Channel1_IRQHandler
 80002a1  80002a1        4     1                 DMA1_Channel2_IRQHandler
 80002a1  80002a1        4     1                 DMA1_Channel3_IRQHandler
 80002a1  80002a1        4     1                 DMA1_Channel4_IRQHandler
 80002a1  80002a1        4     1                 DMA1_Channel5_IRQHandler
 80002a1  80002a1        4     1                 DMA1_Channel6_IRQHandler
 80002a1  80002a1        4     1                 ADC1_2_IRQHandler
 80002a1  80002a1        4     1                 USB_HP_IRQHandler
 80002a1  80002a1        4     1                 USB_LP_IRQHandler
 80002a1  80002a1        4     1                 FDCAN1_IT0_IRQHandler
 80002a1  80002a1        4     1                 FDCAN1_IT1_IRQHandler
 80002a1  80002a1        4     1                 EXTI9_5_IRQHandler
 80002a1  80002a1        4     1                 TIM1_BRK_TIM15_IRQHandler
 80002a1  80002a1        4     1                 TIM1_UP_TIM16_IRQHandler
 80002a1  80002a1        4     1                 TIM1_TRG_COM_TIM17_IRQHandler
 80002a1  80002a1        4     1                 TIM1_CC_IRQHandler
 80002a1  80002a1        4     1                 TIM2_IRQHandler
 80002a1  80002a1        4     1                 TIM3_IRQHandler
 80002a1  80002a1        4     1                 TIM4_IRQHandler
 80002a1  80002a1        4     1                 I2C1_EV_IRQHandler
 80002a1  80002a1        4     1                 I2C1_ER_IRQHandler
 80002a1  80002a1        4     1                 I2C2_EV_IRQHandler
 80002a1  80002a1        4     1                 I2C2_ER_IRQHandler
 80002a1  80002a1        4     1                 SPI1_IRQHandler
 80002a1  80002a1        4     1                 SPI2_IRQHandler
 80002a1  80002a1        4     1                 USART1_IRQHandler
 80002a1  80002a1        4     1                 USART2_IRQHandler
 80002a1  80002a1        4     1                 USART3_IRQHandler
 80002a1  80002a1        4     1                 EXTI15_10_IRQHandler
 80002a1  80002a1        4     1                 RTC_Alarm_IRQHandler
 80002a1  80002a1        4     1                 USBWakeUp_IRQHandler
 80002a1  80002a1        4     1                 TIM8_BRK_IRQHandler
 80002a1  80002a1        4     1                 TIM8_UP_IRQHandler
 80002a1  80002a1        4     1                 TIM8_TRG_COM_IRQHandler
 80002a1  80002a1        4     1                 TIM8_CC_IRQHandler
 80002a1  80002a1        4     1                 LPTIM1_IRQHandler
 80002a1  80002a1        4     1                 SPI3_IRQHandler
 80002a1  80002a1        4     1                 UART4_IRQHandler
 80002a1  80002a1        4     1                 TIM6_DAC_IRQHandler
 80002a1  80002a1        4     1                 TIM7_IRQHandler
 80002a1  80002a1        4     1                 DMA2_Channel1_IRQHandler
 80002a1  80002a1        4     1                 DMA2_Channel2_IRQHandler
 80002a1  80002a1        4     1                 DMA2_Channel3_IRQHandler
 80002a1  80002a1        4     1                 DMA2_Channel4_IRQHandler
 80002a1  80002a1        4     1                 DMA2_Channel5_IRQHandler
 80002a1  80002a1        4     1                 UCPD1_IRQHandler
 80002a1  80002a1        4     1                 COMP1_2_3_IRQHandler
 80002a1  80002a1        4     1                 COMP4_IRQHandler
 80002a1  80002a1        4     1                 CRS_IRQHandler
 80002a1  80002a1        4     1                 SAI1_IRQHandler
 80002a1  80002a1        4     1                 FPU_IRQHandler
 80002a1  80002a1        4     1                 I2C3_EV_IRQHandler
 80002a1  80002a1        4     1                 I2C3_ER_IRQHandler
 80002a1  80002a1        4     1                 DMAMUX_OVR_IRQHandler
 80002a1  80002a1        4     1                 DMA2_Channel6_IRQHandler
 80002a1  80002a1        4     1                 CORDIC_IRQHandler
 80002a1  80002a1        4     1                 FMAC_IRQHandler
 80002a4  80002a4       54     4         build/startup_stm32g431xx.o:(.text.Reset_Handler)
 80002a4  80002a4        0     1                 $t
 80002a5  80002a5       54     1                 Reset_Handler
 80002e0  80002e0        0     1                 $d
 80002f8  80002f8       2c     4         build/perfc_port_user.o:(.text.perfc_port_init_system_timer)
 80002f8  80002f8        0     1                 $t
 80002f9  80002f9       2c     1                 perfc_port_init_system_timer
 800031c  800031c        0     1                 $d
 8000324  8000324        8     4         build/perfc_port_user.o:(.text.perfc_port_get_system_timer_freq)
 8000324  8000324        0     1                 $t
 8000325  8000325        8     1                 perfc_port_get_system_timer_freq
 8000328  8000328        0     1                 $d
 800032c  800032c       10     4         build/perfc_port_user.o:(.text.perfc_port_is_system_timer_ovf_pending)
 800032c  800032c        0     1                 $t
 800032d  800032d       10     1                 perfc_port_is_system_timer_ovf_pending
 8000338  8000338        0     1                 $d
 800033c  800033c        c     4         build/perfc_port_user.o:(.text.perfc_port_get_system_timer_top)
 800033c  800033c        0     1                 $t
 800033d  800033d        c     1                 perfc_port_get_system_timer_top
 8000344  8000344        0     1                 $d
 8000348  8000348       10     4         build/perfc_port_user.o:(.text.perfc_port_get_system_timer_elapsed)
 8000348  8000348        0     1                 $t
 8000349  8000349       10     1                 perfc_port_get_system_timer_elapsed
 8000354  8000354        0     1                 $d
 8000358  8000358        c     4         build/perfc_port_user.o:(.text.perfc_port_clear_system_timer_ovf_pending)
 8000358  8000358        0     1                 $t
 8000359  8000359        c     1                 perfc_port_clear_system_timer_ovf_pending
 8000360  8000360        0     1                 $d
 8000364  8000364        2     2         build/trace_stub.o:(.text.trace_init_stub)
 8000364  8000364        0     1                 $t
 8000365  8000365        2     1                 trace_init_stub
 8000366  8000366        2     2         build/trace_stub.o:(.text.trace_double_stub)
 8000366  8000366        0     1                 $t
 8000367  8000367        2     1                 trace_double_stub
 8000368  8000368        2     2         build/trace_stub.o:(.text.trace_float_stub)
 8000368  8000368        0     1                 $t
 8000369  8000369        2     1                 trace_float_stub
 800036a  800036a        2     2         build/trace_stub.o:(.text.trace_uint32_stub)
 800036a  800036a        0     1                 $t
 800036b  800036b        2     1                 trace_uint32_stub
 800036c  800036c        2     2         build/trace_stub.o:(.text.trace_int32_stub)
 800036c  800036c        0     1                 $t
 800036d  800036d        2     1                 trace_int32_stub
 800036e  800036e        2     2         build/trace_stub.o:(.text.trace_uint16_stub)
 800036e  800036e        0     1                 $t
 800036f  800036f        2     1                 trace_uint16_stub
 8000370  8000370        2     2         build/trace_stub.o:(.text.trace_int16_stub)
 8000370  8000370        0     1                 $t
 8000371  8000371        2     1                 trace_int16_stub
 8000372  8000372        2     2         build/trace_stub.o:(.text.trace_uint8_stub)
 8000372  8000372        0     1                 $t
 8000373  8000373        2     1                 trace_uint8_stub
 8000374  8000374        2     2         build/trace_stub.o:(.text.trace_int8_stub)
 8000374  8000374        0     1                 $t
 8000375  8000375        2     1                 trace_int8_stub
 8000376  8000376        2     2         build/trace_stub.o:(.text.trace_string_stub)
 8000376  8000376        0     1                 $t
 8000377  8000377        2     1                 trace_string_stub
 8000378  8000378        2     2         build/trace_stub.o:(.text.trace_words_stub)
 8000378  8000378        0     1                 $t
 8000379  8000379        2     1                 trace_words_stub
 800037a  800037a        2     2         build/trace_stub.o:(.text.trace_hwords_stub)
 800037a  800037a        0     1                 $t
 800037b  800037b        2     1                 trace_hwords_stub
 800037c  800037c        2     2         build/trace_stub.o:(.text.trace_bytes_stub)
 800037c  800037c        0     1                 $t
 800037d  800037d        2     1                 trace_bytes_stub
 8000380  8000380       b0     4         build/blm_port_stm32g431.o:(.text.blm_port_UartInit)
 8000380  8000380        0     1                 $t
 8000381  8000381       b0     1                 blm_port_UartInit
 8000420  8000420        0     1                 $d
 8000430  8000430       10     4         build/blm_port_stm32g431.o:(.text.blm_port_FlashInit)
 8000430  8000430        0     1                 $t
 8000431  8000431       10     1                 blm_port_FlashInit
 800043c  800043c        0     1                 $d
 8000440  8000440       84     4         build/gmsi.o:(.text.gmsi_Init)
 8000440  8000440        0     1                 $t
 8000441  8000441       84     1                 gmsi_Init
 80004a4  80004a4        0     1                 $d
 80004c4  80004c4       60     4         build/gmsi.o:(.text.gmsi_Run)
 80004c4  80004c4        0     1                 $t
 80004c5  80004c5       60     1                 gmsi_Run
 8000514  8000514        0     1                 $d
 8000524  8000524       70     4         build/gmsi.o:(.text.gmsi_Clock)
 8000524  8000524        0     1                 $t
 8000525  8000525       70     1                 gmsi_Clock
 8000580  8000580        0     1                 $d
 8000594  8000594       38     4         build/gmsi.o:(.text.assert_failed)
 8000594  8000594        0     1                 $t
 8000595  8000595       38     1                 assert_failed
 80005bc  80005bc        0     1                 $d
 80005cc  80005cc       70     4         build/gbase.o:(.text.gbase_DebugListBase)
 80005cc  80005cc        0     1                 $t
 80005cd  80005cd       70     1                 gbase_DebugListBase
 8000624  8000624        0     1                 $d
 800063c  800063c        c     4         build/gbase.o:(.text.gbase_GetBaseList)
 800063c  800063c        0     1                 $t
 800063d  800063d        c     1                 gbase_GetBaseList
 8000644  8000644        0     1                 $d
 8000648  8000648        c     4         build/gcoroutine.o:(.text.gcoroutine_Init)
 8000648  8000648        0     1                 $t
 8000649  8000649        c     1                 gcoroutine_Init
 8000650  8000650        0     1                 $d
 8000654  8000654       12     2         build/gcoroutine.o:(.text.gcoroutine_Delete)
 8000654  8000654        0     1                 $t
 8000655  8000655       12     1                 gcoroutine_Delete
 8000668  8000668       50     4         build/gcoroutine.o:(.text.gcoroutine_Run)
 8000668  8000668        0     1                 $t
 8000669  8000669       50     1                 gcoroutine_Run
 80006b0  80006b0        0     1                 $d
 80006b8  80006b8       16     2         build/list.o:(.text.vListInitialise)
 80006b8  80006b8        0     1                 $t
 80006b9  80006b9       16     1                 vListInitialise
 80006ce  80006ce       20     2         build/list.o:(.text.uxListRemove)
 80006ce  80006ce        0     1                 $t
 80006cf  80006cf       20     1                 uxListRemove
 80006f0  80006f0       88     4         build/perf_counter.o:(.text.perfc_port_insert_to_system_timer_insert_ovf_handler)
 80006f0  80006f0        0     1                 $t
 80006f1  80006f1       88     1                 perfc_port_insert_to_system_timer_insert_ovf_handler
 8000770  8000770        0     1                 $d
 8000778  8000778        2     2         build/perf_counter.o:(.text.__perf_os_patch_init)
 8000778  8000778        0     1                 $t
 8000779  8000779        2     1                 __perf_os_patch_init
 800077c  800077c       50     4         build/perf_counter.o:(.text.update_perf_counter)
 800077c  800077c        0     1                 $t
 800077d  800077d       50     1                 update_perf_counter
 80007c0  80007c0        0     1                 $d
 80007cc  80007cc       4c     4         build/perf_counter.o:(.text.get_system_ticks)
 80007cc  80007cc        0     1                 $t
 80007cd  80007cd       4c     1                 get_system_ticks
 8000814  8000814        0     1                 $d
 8000818  8000818       60     4         build/perf_counter.o:(.text.perfc_init)
 8000818  8000818        0     1                 $t
 8000819  8000819       60     1                 perfc_init
 8000874  8000874        0     1                 $d
 8000878  8000878        6     2         build/perf_counter.o:(.text.__perf_counter_init)
 8000878  8000878        0     1                 $t
 8000879  8000879        6     1                 __perf_counter_init
 800087e  800087e       2e     2         build/perf_counter.o:(.text.check_systick)
 800087e  800087e        0     1                 $t
 800087f  800087f       2e     1                 check_systick
 80008ac  80008ac       68     4         build/perf_counter.o:(.text.get_system_ms)
 80008ac  80008ac        0     1                 $t
 80008ad  80008ad       68     1                 get_system_ms
 800090c  800090c        0     1                 $d
 8000914  8000914        e     2         build/perf_counter.o:(.text.OUTLINED_FUNCTION_0)
 8000914  8000914        0     1                 $t
 8000915  8000915        e     1                 OUTLINED_FUNCTION_0
 8000922  8000922        6     2         build/perf_counter.o:(.text.OUTLINED_FUNCTION_1)
 8000922  8000922        0     1                 $t
 8000923  8000923        6     1                 OUTLINED_FUNCTION_1
 8000928  8000928       5c     4         /home/xun/llvm_for_arm/bin/../lib/clang-runtimes/arm-none-eabi/armv7m_hard_fpv4_sp_d16_exn_rtti/lib/libclang_rt.builtins.a(divmoddi4.c.obj):(.text.__divmoddi4)
 8000928  8000928        0     1                 $t
 8000929  8000929       5c     1                 __divmoddi4
 8000984  8000984      26e     4         /home/xun/llvm_for_arm/bin/../lib/clang-runtimes/arm-none-eabi/armv7m_hard_fpv4_sp_d16_exn_rtti/lib/libclang_rt.builtins.a(udivmoddi4.c.obj):(.text.__udivmoddi4)
 8000984  8000984        0     1                 $t
 8000985  8000985      26e     1                 __udivmoddi4
 80001cc  80001cc       14     1         /home/xun/llvm_for_arm/bin/../lib/clang-runtimes/arm-none-eabi/armv7m_hard_fpv4_sp_d16_exn_rtti/lib/libc.a(strlen.S.o):(.eh_frame+0x0)
 8000c0c  8000c0c        0     1         . = ALIGN ( 4 )
 8000c0c  8000c0c        0     1         _etext = .
 8000c0c  8000c0c        0     1 .init_infos
 8000c0c  8000c0c        0     1         . = ALIGN ( 4 )
 8000c0c  8000c0c        0     1         __start_init_infos = .
 8000c0c  8000c0c        0     1         __stop_init_infos = .
 8000c0c  8000c0c        0     1         . = ALIGN ( 4 )
 8000c0c  8000c0c      124     4 .rodata
 8000c0c  8000c0c        0     1         . = ALIGN ( 4 )
 8000c0c  8000c0c       34     4         build/trace_stub.o:(.rodata.TRACE)
 8000c0c  8000c0c       34     1                 TRACE
 8000c40  8000c40        4     1         build/gmsi.o:(.rodata.GMSIVersion)
 8000c40  8000c40        4     1                 GMSIVersion
 8000c44  8000c44       eb     1         <internal>:(.rodata.str1.1)
 8000d2f  8000d2f        1     1         . = ALIGN ( 4 )
 8000d30  8000d30       10     4 .ARM
 8000d30  8000d30        0     1         __exidx_start = .
 8000d30  8000d30       10     4         <internal>:(.ARM.exidx)
 8000d40  8000d40        0     1         __exidx_end = .
 8002000  8002000        0     1 .shared_info
 8002000  8002000        0     1         . = ALIGN ( 4 )
 8002000  8002000        0     1         . = ALIGN ( 4 )
 8002000  8002000        0     1 _sidata = LOADADDR ( .data )
20000000  8000d40       24     4 .data
20000000  8000d40        0     1         . = ALIGN ( 4 )
20000000  8000d40        0     1         _sdata = .
20000000  8000d40        4     4         build/main.o:(.data.s_tGmsi)
20000000  8000d40        4     1                 s_tGmsi
20000004  8000d44       10     4         build/main.o:(.data.s_tSysData)
20000004  8000d44       10     1                 s_tSysData
20000014  8000d54        8     4         build/gmsi.o:(.data.tGstorageCfg)
20000014  8000d54        8     1                 tGstorageCfg
2000001c  8000d5c        8     4         build/perf_counter.o:(.data..L_MergedGlobals)
2000001c  8000d5c        4     1                 s_wMSUnit
20000020  8000d60        4     1                 s_wUSUnit
20000024  8000d64        0     1         . = ALIGN ( 4 )
20000024  8000d64        0     1         _edata = .
20000028 20000028       a0     8 .bss
20000028 20000028        0     1         . = ALIGN ( 4 )
20000028 20000028        0     1         _sbss = .
20000028 20000028        0     1         __bss_start__ = _sbss
20000028 20000028        1     1         build/main.o:(.bss.s_tLedBlink)
20000028 20000028        1     1                 s_tLedBlink
2000002a 2000002a        8     2         build/main.o:(.bss.s_hwSystemData)
2000002a 2000002a        8     1                 s_hwSystemData
20000038 20000038       10     8         build/main.o:(.bss..L_MergedGlobals)
20000038 20000038        8     1                 led_blink_task.__s_lTimestamp82
20000040 20000040        8     1                 led_blink_task.__s_lTimestamp87
20000048 20000048        4     4         build/perfc_port_user.o:(.bss.s_wSysTickOvfCnt)
20000048 20000048        4     1                 s_wSysTickOvfCnt
2000004c 2000004c        1     1         build/gmsi.o:(.bss.g_chSystemData)
2000004c 2000004c        1     1                 g_chSystemData
2000004d 2000004d        1     1         build/gmsi.o:(.bss.s_bGmsiInit)
2000004d 2000004d        1     1                 s_bGmsiInit
20000050 20000050       18     4         build/gbase.o:(.bss..L_MergedGlobals)
20000050 20000050        1     1                 gbase_Init.chInitCount
20000054 20000054       14     1                 tListObject
20000068 20000068       14     4         build/gcoroutine.o:(.bss.tListCoroutine)
20000068 20000068       14     1                 tListCoroutine
20000080 20000080       48     8         build/perf_counter.o:(.bss..L_MergedGlobals.1)
20000080 20000080        4     1                 g_nOffset
20000084 20000084        4     1                 s_wMSResidule
20000088 20000088        4     1                 s_wUSResidule
20000090 20000090        8     1                 g_lLastTimeStamp
20000098 20000098        8     1                 s_lSystemClockCounts
200000a0 200000a0        8     1                 s_lSystemMS
200000a8 200000a8        8     1                 s_lSystemUS
200000b0 200000b0        8     1                 s_lOldTimestamp
200000b8 200000b8        8     1                 s_lOldTimestampUS
200000c0 200000c0        8     1                 s_lOldTimestampMS
200000c8 200000c8        0     1         . = ALIGN ( 4 )
200000c8 200000c8        0     1         _ebss = .
200000c8 200000c8        0     1         __bss_end__ = _ebss
200000c8 200000c8        4     4 .init_array
200000c8 200000c8        4     4         build/perf_counter.o:(.init_array)
200000cc 200000cc      404     1 ._user_stack
200000cc 200000cc        4     1         . = ALIGN ( 8 )
200000d0 200000d0      400     1         . = . + _Min_Stack_Size
200004d0 200004d0        0     1         . = ALIGN ( 8 )
200004d0 200004d0        0     1         _estack = .
       0        0       49     1 .ARM.attributes
       0        0       49     1         build/main.o:(.ARM.attributes)
       0        0       29     1 .comment
       0        0       29     1         <internal>:(.comment)
       0        0       b8     1 .debug_loclists
       0        0       1b     1         /home/xun/llvm_for_arm/bin/../lib/clang-runtimes/arm-none-eabi/armv7m_hard_fpv4_sp_d16_exn_rtti/lib/libc.a(bzero.c.o):(.debug_loclists)
      1b       1b       5f     1         /home/xun/llvm_for_arm/bin/../lib/clang-runtimes/arm-none-eabi/armv7m_hard_fpv4_sp_d16_exn_rtti/lib/libc.a(memcpy.c.o):(.debug_loclists)
      7a       7a       3e     1         /home/xun/llvm_for_arm/bin/../lib/clang-runtimes/arm-none-eabi/armv7m_hard_fpv4_sp_d16_exn_rtti/lib/libc.a(memset.c.o):(.debug_loclists)
       0        0      1da     1 .debug_abbrev
       0        0       94     1         /home/xun/llvm_for_arm/bin/../lib/clang-runtimes/arm-none-eabi/armv7m_hard_fpv4_sp_d16_exn_rtti/lib/libc.a(bzero.c.o):(.debug_abbrev)
      94       94       a0     1         /home/xun/llvm_for_arm/bin/../lib/clang-runtimes/arm-none-eabi/armv7m_hard_fpv4_sp_d16_exn_rtti/lib/libc.a(memcpy.c.o):(.debug_abbrev)
     134      134       85     1         /home/xun/llvm_for_arm/bin/../lib/clang-runtimes/arm-none-eabi/armv7m_hard_fpv4_sp_d16_exn_rtti/lib/libc.a(memset.c.o):(.debug_abbrev)
     1b9      1b9       21     1         /home/xun/llvm_for_arm/bin/../lib/clang-runtimes/arm-none-eabi/armv7m_hard_fpv4_sp_d16_exn_rtti/lib/libc.a(strlen.S.o):(.debug_abbrev)
       0        0      2b8     1 .debug_info
       0        0       76     1         /home/xun/llvm_for_arm/bin/../lib/clang-runtimes/arm-none-eabi/armv7m_hard_fpv4_sp_d16_exn_rtti/lib/libc.a(bzero.c.o):(.debug_info)
      76       76       97     1         /home/xun/llvm_for_arm/bin/../lib/clang-runtimes/arm-none-eabi/armv7m_hard_fpv4_sp_d16_exn_rtti/lib/libc.a(memcpy.c.o):(.debug_info)
     10d      10d       78     1         /home/xun/llvm_for_arm/bin/../lib/clang-runtimes/arm-none-eabi/armv7m_hard_fpv4_sp_d16_exn_rtti/lib/libc.a(memset.c.o):(.debug_info)
     185      185      133     1         /home/xun/llvm_for_arm/bin/../lib/clang-runtimes/arm-none-eabi/armv7m_hard_fpv4_sp_d16_exn_rtti/lib/libc.a(strlen.S.o):(.debug_info)
       0        0       a4     1 .debug_str_offsets
       0        0       30     1         /home/xun/llvm_for_arm/bin/../lib/clang-runtimes/arm-none-eabi/armv7m_hard_fpv4_sp_d16_exn_rtti/lib/libc.a(bzero.c.o):(.debug_str_offsets)
      30       30       3c     1         /home/xun/llvm_for_arm/bin/../lib/clang-runtimes/arm-none-eabi/armv7m_hard_fpv4_sp_d16_exn_rtti/lib/libc.a(memcpy.c.o):(.debug_str_offsets)
      6c       6c       38     1         /home/xun/llvm_for_arm/bin/../lib/clang-runtimes/arm-none-eabi/armv7m_hard_fpv4_sp_d16_exn_rtti/lib/libc.a(memset.c.o):(.debug_str_offsets)
       0        0      1d0     1 .debug_str
       0        0      1d0     1         <internal>:(.debug_str)
       0        0       28     1 .debug_addr
       0        0       10     1         /home/xun/llvm_for_arm/bin/../lib/clang-runtimes/arm-none-eabi/armv7m_hard_fpv4_sp_d16_exn_rtti/lib/libc.a(bzero.c.o):(.debug_addr)
      10       10        c     1         /home/xun/llvm_for_arm/bin/../lib/clang-runtimes/arm-none-eabi/armv7m_hard_fpv4_sp_d16_exn_rtti/lib/libc.a(memcpy.c.o):(.debug_addr)
      1c       1c        c     1         /home/xun/llvm_for_arm/bin/../lib/clang-runtimes/arm-none-eabi/armv7m_hard_fpv4_sp_d16_exn_rtti/lib/libc.a(memset.c.o):(.debug_addr)
       0        0       7c     4 .debug_frame
       0        0       24     4         /home/xun/llvm_for_arm/bin/../lib/clang-runtimes/arm-none-eabi/armv7m_hard_fpv4_sp_d16_exn_rtti/lib/libc.a(bzero.c.o):(.debug_frame)
      24       24       34     4         /home/xun/llvm_for_arm/bin/../lib/clang-runtimes/arm-none-eabi/armv7m_hard_fpv4_sp_d16_exn_rtti/lib/libc.a(memcpy.c.o):(.debug_frame)
      58       58       24     4         /home/xun/llvm_for_arm/bin/../lib/clang-runtimes/arm-none-eabi/armv7m_hard_fpv4_sp_d16_exn_rtti/lib/libc.a(memset.c.o):(.debug_frame)
       0        0      21a     1 .debug_line
       0        0       a1     1         /home/xun/llvm_for_arm/bin/../lib/clang-runtimes/arm-none-eabi/armv7m_hard_fpv4_sp_d16_exn_rtti/lib/libc.a(bzero.c.o):(.debug_line)
      a1       a1       99     1         /home/xun/llvm_for_arm/bin/../lib/clang-runtimes/arm-none-eabi/armv7m_hard_fpv4_sp_d16_exn_rtti/lib/libc.a(memcpy.c.o):(.debug_line)
     13a      13a       91     1         /home/xun/llvm_for_arm/bin/../lib/clang-runtimes/arm-none-eabi/armv7m_hard_fpv4_sp_d16_exn_rtti/lib/libc.a(memset.c.o):(.debug_line)
     1cb      1cb       4f     1         /home/xun/llvm_for_arm/bin/../lib/clang-runtimes/arm-none-eabi/armv7m_hard_fpv4_sp_d16_exn_rtti/lib/libc.a(strlen.S.o):(.debug_line)
       0        0      2ea     1 .debug_line_str
       0        0      2ea     1         <internal>:(.debug_line_str)
       0        0       20     1 .debug_aranges
       0        0       20     1         /home/xun/llvm_for_arm/bin/../lib/clang-runtimes/arm-none-eabi/armv7m_hard_fpv4_sp_d16_exn_rtti/lib/libc.a(strlen.S.o):(.debug_aranges)
       0        0     10c0     4 .symtab
       0        0     10c0     4         <internal>:(.symtab)
       0        0      11c     1 .shstrtab
       0        0      11c     1         <internal>:(.shstrtab)
       0        0      dae     1 .strtab
       0        0      dae     1         <internal>:(.strtab)

Cross Reference Table

Symbol                                            File
led_blink_task                                    build/main.o
get_system_ms                                     build/perf_counter.o
                                                  build/main.o
                                                  build/blm.o
                                                  build/blm_port_stm32g431.o
main                                              build/main.o
                                                  build/startup_stm32g431xx.o
perfc_init                                        build/perf_counter.o
                                                  build/main.o
                                                  build/blm.o
blm_port_UartInit                                 build/blm_port_stm32g431.o
                                                  build/main.o
                                                  build/blm.o
blm_port_FlashInit                                build/blm_port_stm32g431.o
                                                  build/main.o
gmsi_Init                                         build/gmsi.o
                                                  build/main.o
gmsi_Run                                          build/gmsi.o
                                                  build/main.o
SysTick_Handler                                   build/main.o
                                                  build/startup_stm32g431xx.o
perfc_port_insert_to_system_timer_insert_ovf_handler build/perf_counter.o
                                                  build/main.o
gmsi_Clock                                        build/gmsi.o
                                                  build/main.o
Default_Handler                                   build/startup_stm32g431xx.o
Reset_Handler                                     build/startup_stm32g431xx.o
_sdata                                            linker.ld:91
                                                  build/startup_stm32g431xx.o
_sidata                                           linker.ld:87
                                                  build/startup_stm32g431xx.o
_edata                                            linker.ld:95
                                                  build/startup_stm32g431xx.o
_sbss                                             linker.ld:102
                                                  build/startup_stm32g431xx.o
_ebss                                             linker.ld:108
                                                  build/startup_stm32g431xx.o
g_pfnVectors                                      build/startup_stm32g431xx.o
_estack                                           linker.ld:118
                                                  build/startup_stm32g431xx.o
NMI_Handler                                       build/startup_stm32g431xx.o
HardFault_Handler                                 build/startup_stm32g431xx.o
MemManage_Handler                                 build/startup_stm32g431xx.o
BusFault_Handler                                  build/startup_stm32g431xx.o
UsageFault_Handler                                build/startup_stm32g431xx.o
SVC_Handler                                       build/startup_stm32g431xx.o
DebugMon_Handler                                  build/startup_stm32g431xx.o
PendSV_Handler                                    build/startup_stm32g431xx.o
WWDG_IRQHandler                                   build/startup_stm32g431xx.o
PVD_PVM_IRQHandler                                build/startup_stm32g431xx.o
RTC_TAMP_LSECSS_IRQHandler                        build/startup_stm32g431xx.o
RTC_WKUP_IRQHandler                               build/startup_stm32g431xx.o
FLASH_IRQHandler                                  build/startup_stm32g431xx.o
RCC_IRQHandler                                    build/startup_stm32g431xx.o
EXTI0_IRQHandler                                  build/startup_stm32g431xx.o
EXTI1_IRQHandler                                  build/startup_stm32g431xx.o
EXTI2_IRQHandler                                  build/startup_stm32g431xx.o
EXTI3_IRQHandler                                  build/startup_stm32g431xx.o
EXTI4_IRQHandler                                  build/startup_stm32g431xx.o
DMA1_Channel1_IRQHandler                          build/startup_stm32g431xx.o
DMA1_Channel2_IRQHandler                          build/startup_stm32g431xx.o
DMA1_Channel3_IRQHandler                          build/startup_stm32g431xx.o
DMA1_Channel4_IRQHandler                          build/startup_stm32g431xx.o
DMA1_Channel5_IRQHandler                          build/startup_stm32g431xx.o
DMA1_Channel6_IRQHandler                          build/startup_stm32g431xx.o
ADC1_2_IRQHandler                                 build/startup_stm32g431xx.o
USB_HP_IRQHandler                                 build/startup_stm32g431xx.o
USB_LP_IRQHandler                                 build/startup_stm32g431xx.o
FDCAN1_IT0_IRQHandler                             build/startup_stm32g431xx.o
FDCAN1_IT1_IRQHandler                             build/startup_stm32g431xx.o
EXTI9_5_IRQHandler                                build/startup_stm32g431xx.o
TIM1_BRK_TIM15_IRQHandler                         build/startup_stm32g431xx.o
TIM1_UP_TIM16_IRQHandler                          build/startup_stm32g431xx.o
TIM1_TRG_COM_TIM17_IRQHandler                     build/startup_stm32g431xx.o
TIM1_CC_IRQHandler                                build/startup_stm32g431xx.o
TIM2_IRQHandler                                   build/startup_stm32g431xx.o
TIM3_IRQHandler                                   build/startup_stm32g431xx.o
TIM4_IRQHandler                                   build/startup_stm32g431xx.o
I2C1_EV_IRQHandler                                build/startup_stm32g431xx.o
I2C1_ER_IRQHandler                                build/startup_stm32g431xx.o
I2C2_EV_IRQHandler                                build/startup_stm32g431xx.o
I2C2_ER_IRQHandler                                build/startup_stm32g431xx.o
SPI1_IRQHandler                                   build/startup_stm32g431xx.o
SPI2_IRQHandler                                   build/startup_stm32g431xx.o
USART1_IRQHandler                                 build/startup_stm32g431xx.o
USART2_IRQHandler                                 build/startup_stm32g431xx.o
USART3_IRQHandler                                 build/startup_stm32g431xx.o
EXTI15_10_IRQHandler                              build/startup_stm32g431xx.o
RTC_Alarm_IRQHandler                              build/startup_stm32g431xx.o
USBWakeUp_IRQHandler                              build/startup_stm32g431xx.o
TIM8_BRK_IRQHandler                               build/startup_stm32g431xx.o
TIM8_UP_IRQHandler                                build/startup_stm32g431xx.o
TIM8_TRG_COM_IRQHandler                           build/startup_stm32g431xx.o
TIM8_CC_IRQHandler                                build/startup_stm32g431xx.o
LPTIM1_IRQHandler                                 build/startup_stm32g431xx.o
SPI3_IRQHandler                                   build/startup_stm32g431xx.o
UART4_IRQHandler                                  build/startup_stm32g431xx.o
TIM6_DAC_IRQHandler                               build/startup_stm32g431xx.o
TIM7_IRQHandler                                   build/startup_stm32g431xx.o
DMA2_Channel1_IRQHandler                          build/startup_stm32g431xx.o
DMA2_Channel2_IRQHandler                          build/startup_stm32g431xx.o
DMA2_Channel3_IRQHandler                          build/startup_stm32g431xx.o
DMA2_Channel4_IRQHandler                          build/startup_stm32g431xx.o
DMA2_Channel5_IRQHandler                          build/startup_stm32g431xx.o
UCPD1_IRQHandler                                  build/startup_stm32g431xx.o
COMP1_2_3_IRQHandler                              build/startup_stm32g431xx.o
COMP4_IRQHandler                                  build/startup_stm32g431xx.o
CRS_IRQHandler                                    build/startup_stm32g431xx.o
SAI1_IRQHandler                                   build/startup_stm32g431xx.o
FPU_IRQHandler                                    build/startup_stm32g431xx.o
I2C3_EV_IRQHandler                                build/startup_stm32g431xx.o
I2C3_ER_IRQHandler                                build/startup_stm32g431xx.o
DMAMUX_OVR_IRQHandler                             build/startup_stm32g431xx.o
DMA2_Channel6_IRQHandler                          build/startup_stm32g431xx.o
CORDIC_IRQHandler                                 build/startup_stm32g431xx.o
FMAC_IRQHandler                                   build/startup_stm32g431xx.o
perfc_port_init_system_timer                      build/perfc_port_user.o
                                                  build/perf_counter.o
perfc_port_get_system_timer_freq                  build/perfc_port_user.o
                                                  build/perf_counter.o
perfc_port_is_system_timer_ovf_pending            build/perfc_port_user.o
                                                  build/perf_counter.o
perfc_port_get_system_timer_top                   build/perfc_port_user.o
                                                  build/perf_counter.o
perfc_port_get_system_timer_elapsed               build/perfc_port_user.o
                                                  build/perf_counter.o
perfc_port_clear_system_timer_ovf_pending         build/perfc_port_user.o
                                                  build/perf_counter.o
TRACE                                             build/trace_stub.o
                                                  build/gmsi.o
                                                  build/gbase.o
                                                  build/glog.o
gcoroutine_Init                                   build/gcoroutine.o
                                                  build/gmsi.o
gbase_DebugListBase                               build/gbase.o
                                                  build/gmsi.o
GMSIVersion                                       build/gmsi.o
tGstorageCfg                                      build/gmsi.o
__stop_init_infos                                 linker.ld:52
                                                  build/gmsi.o
__start_init_infos                                linker.ld:50
                                                  build/gmsi.o
gbase_GetBaseList                                 build/gbase.o
                                                  build/gmsi.o
gcoroutine_Run                                    build/gcoroutine.o
                                                  build/gmsi.o
assert_failed                                     build/gmsi.o
                                                  build/gbase.o
                                                  build/gcoroutine.o
g_chSystemData                                    build/gmsi.o
vListInitialise                                   build/list.o
                                                  build/gbase.o
                                                  build/gcoroutine.o
uxListRemove                                      build/list.o
                                                  build/gbase.o
                                                  build/gcoroutine.o
gcoroutine_Delete                                 build/gcoroutine.o
__perf_os_patch_init                              build/perf_counter.o
update_perf_counter                               build/perf_counter.o
get_system_ticks                                  build/perf_counter.o
__perf_counter_init                               build/perf_counter.o
g_nOffset                                         build/perf_counter.o
g_lLastTimeStamp                                  build/perf_counter.o
